// Jest Snapshot v1, https://goo.gl/fbAQLP

exports[`[GiftedChatInput] render renders without crashing 1`] = `
<View
  pointerEvents="box-none"
  style={
    Object {
      "flex": 1,
    }
  }
>
  <View
    collapsable={true}
    pointerEvents="box-none"
    style={
      Object {
        "flex": 1,
      }
    }
  >
    <View
      style={
        Array [
          Array [
            Object {
              "alignItems": "center",
              "flexBasis": 0,
              "flexDirection": "column",
              "flexGrow": 1,
              "flexShrink": 1,
              "justifyContent": "center",
            },
          ],
          Object {
            "paddingBottom": 0,
          },
        ]
      }
    >
      <ScrollView
        ListEmptyComponent={<View />}
        ListFooterComponent={
          <View
            style={
              Object {
                "height": 60,
              }
            }
          />
        }
        contentContainerStyle={
          Object {
            "alignItems": "center",
            "flex": 1,
            "justifyContent": "center",
          }
        }
        data={Array []}
        disableVirtualization={false}
        horizontal={false}
        initialNumToRender={10}
        maxToRenderPerBatch={10}
        onEndReachedThreshold={2}
        removeClippedSubviews={false}
        scrollEventThrottle={50}
        stickyHeaderIndices={Array []}
        style={
          Object {
            "alignSelf": "stretch",
          }
        }
        updateCellsBatchingPeriod={50}
        viewabilityConfigCallbackPairs={Array []}
        windowSize={21}
      >
        <View />
        <View>
          <View
            style={
              Object {
                "height": 60,
              }
            }
          />
        </View>
      </ScrollView>
      <View
        style={
          Array [
            Object {
              "alignItems": "center",
              "borderColor": "#d3d8e8",
              "borderTopWidth": 0.3,
              "flexBasis": 0,
              "flexDirection": "row",
              "flexGrow": 1,
              "flexShrink": 1,
              "justifyContent": "space-between",
              "maxHeight": 56,
              "minHeight": 56,
              "paddingLeft": 8,
              "paddingRight": 8,
              "width": "100%",
            },
            Object {
              "backgroundColor": undefined,
              "borderColor": undefined,
            },
          ]
        }
      >
        <View
          style={
            Object {
              "width": 30,
            }
          }
        >
          <View
            style={
              Array [
                Object {
                  "height": "100%",
                  "justifyContent": "center",
                  "left": 10,
                },
              ]
            }
            testID="touch-menu"
          >
            <View />
          </View>
        </View>
        <View
          style={
            Object {
              "flex": 1,
            }
          }
        >
          <TextInput
            allowFontScaling={true}
            defaultValue=""
            multiline={true}
            placeholder=""
            rejectResponderTermination={true}
            style={
              Array [
                Object {
                  "color": "black",
                  "fontSize": 14,
                  "paddingBottom": 10,
                  "paddingLeft": 10,
                  "paddingRight": 10,
                  "paddingTop": 10,
                },
                Object {
                  "backgroundColor": undefined,
                  "color": undefined,
                  "flex": 1,
                  "paddingTop": 10,
                },
              ]
            }
            testID="input-chat"
            underlineColorAndroid="transparent"
            value=""
          />
        </View>
        <View
          style={
            Object {
              "width": 30,
            }
          }
        >
          <View
            style={
              Array [
                Object {
                  "height": "100%",
                  "justifyContent": "center",
                  "left": 10,
                },
              ]
            }
            testID="touch-menu"
          >
            <View />
          </View>
        </View>
        <View
          style={
            Object {
              "paddingLeft": 15,
            }
          }
        >
          <View />
        </View>
      </View>
    </View>
  </View>
</View>
`;
