// Jest Snapshot v1, https://goo.gl/fbAQLP

exports[`[ChatListItem] rendering test renders [peerMessage] as expected 1`] = `
<View
  isSame={true}
  style={
    Array [
      Object {
        "alignItems": "flex-start",
        "flexDirection": "row",
        "justifyContent": "flex-start",
        "marginLeft": 20,
        "marginRight": 8,
        "marginTop": 0,
        "minHeight": 48,
      },
    ]
  }
>
  <View
    style={
      Object {
        "marginRight": 8,
      }
    }
  >
    <View
      accessible={true}
      isTVSelectable={true}
      onResponderGrant={[Function]}
      onResponderMove={[Function]}
      onResponderRelease={[Function]}
      onResponderTerminate={[Function]}
      onResponderTerminationRequest={[Function]}
      onStartShouldSetResponder={[Function]}
      style={
        Object {
          "opacity": 1,
        }
      }
      testID="peer_image"
    >
      <View
        style={
          Object {
            "width": 40,
          }
        }
      />
    </View>
  </View>
  <View
    style={
      Object {
        "flexDirection": "column",
      }
    }
  >
    <View />
    <View
      style={
        Array [
          Object {
            "backgroundColor": "#FFF",
            "borderColor": "rgb(245,245,245)",
            "borderRadius": 3,
            "borderWidth": 1,
            "marginRight": 8,
            "marginVertical": 4,
            "paddingBottom": 12,
            "paddingLeft": 12,
            "paddingRight": 12,
            "paddingTop": 12,
            "shadowColor": "rgb(233,237,244)",
            "shadowOffset": Object {
              "height": 2,
              "width": 0,
            },
          },
        ]
      }
    >
      <Text
        style={
          Array [
            Object {
              "color": "rgb(65,77,107)",
              "fontSize": 14,
            },
          ]
        }
      >
        
      </Text>
    </View>
    <Text
      style={
        Array [
          Object {
            "color": "rgb(65,77,107)",
            "fontSize": 12,
            "marginRight": 20,
          },
        ]
      }
    >
      0 : 0
    </Text>
  </View>
</View>
`;
