// Jest Snapshot v1, https://goo.gl/fbAQLP

exports[`[UserListItem] rendering test renders as expected 1`] = `
<View
  pointerEvents="box-none"
  style={
    Object {
      "flex": 1,
    }
  }
>
  <View
    collapsable={true}
    pointerEvents="box-none"
    style={
      Object {
        "flex": 1,
      }
    }
  >
    <View
      style={
        Array [
          Object {
            "width": "100%",
          },
        ]
      }
    >
      <TouchableOpacity
        activeOpacity={0.5}
        testID="test_yo"
      >
        <View
          style={
            Array [
              Object {
                "alignItems": "center",
                "backgroundColor": "#ffffff",
                "borderBottomWidth": 1,
                "borderColor": "#e2f2ff",
                "flexDirection": "row",
                "height": 80,
                "justifyContent": "flex-start",
                "paddingBottom": 0,
                "paddingLeft": 20,
                "paddingRight": 20,
                "paddingTop": 0,
              },
            ]
          }
        >
          <View
            style={
              Object {
                "alignItems": "center",
                "height": 40,
                "justifyContent": "center",
                "width": 40,
              }
            }
          >
            <Image
              source={
                Object {
                  "canInstrument": true,
                  "createTransformer": [Function],
                  "getCacheKey": [Function],
                  "process": [Function],
                }
              }
              style={
                Array [
                  Object {
                    "borderRadius": 20,
                    "height": 40,
                    "width": 40,
                  },
                ]
              }
            />
          </View>
          <Text
            numberOfLines={1}
            style={
              Array [
                Object {
                  "color": "#151A25",
                  "fontSize": 14,
                  "fontWeight": "bold",
                  "marginLeft": 12,
                  "width": 200,
                },
              ]
            }
          />
        </View>
      </TouchableOpacity>
    </View>
  </View>
</View>
`;
