// Jest Snapshot v1, https://goo.gl/fbAQLP

exports[`[UserListItem] rendering test renders as expected 1`] = `
<RNCSafeAreaProvider
  onInsetsChange={[Function]}
  style={
    [
      {
        "flex": 1,
      },
      undefined,
    ]
  }
>
  <View
    style={
      [
        {
          "width": "100%",
        },
        undefined,
      ]
    }
  >
    <View
      accessible={true}
      collapsable={false}
      focusable={false}
      onClick={[Function]}
      onResponderGrant={[Function]}
      onResponderMove={[Function]}
      onResponderRelease={[Function]}
      onResponderTerminate={[Function]}
      onResponderTerminationRequest={[Function]}
      onStartShouldSetResponder={[Function]}
      style={
        {
          "opacity": 1,
        }
      }
      testID="peer-button"
    >
      <View
        style={
          [
            {
              "alignItems": "center",
              "backgroundColor": "#151C22",
              "borderBottomColor": "#000",
              "borderBottomWidth": 1,
              "borderLeftColor": "#000",
              "borderRightColor": "#000",
              "borderTopColor": "#000",
              "flexDirection": "row",
              "height": 80,
              "justifyContent": "flex-start",
              "paddingBottom": 0,
              "paddingLeft": 20,
              "paddingRight": 20,
              "paddingTop": 0,
            },
            undefined,
          ]
        }
        testID="userListItem-wrapper"
      >
        <View
          style={
            [
              {
                "alignItems": "center",
                "height": 40,
                "justifyContent": "center",
                "width": 40,
              },
              undefined,
            ]
          }
        >
          <Image
            resizeMode="cover"
            source={
              {
                "canInstrument": true,
                "createTransformer": [Function],
                "getCacheKey": [Function],
                "process": [Function],
              }
            }
            style={
              [
                {
                  "borderBottomLeftRadius": 20,
                  "borderBottomRightRadius": 20,
                  "borderTopLeftRadius": 20,
                  "borderTopRightRadius": 20,
                  "height": 40,
                  "width": 40,
                },
                undefined,
              ]
            }
          />
          <View
            style={
              {
                "left": 0,
                "position": "absolute",
                "top": 0,
              }
            }
          >
            <Text />
          </View>
        </View>
        <Text
          numberOfLines={1}
          style={
            [
              {
                "color": "white",
                "fontSize": 14,
                "fontWeight": "bold",
                "marginLeft": 12,
                "width": 200,
              },
              undefined,
            ]
          }
        >
          &lt;mock-value-for-field-"name"&gt;
        </Text>
        <Text
          ellipsizeMode="tail"
          numberOfLines={1}
          style={
            [
              {
                "color": "white",
                "fontSize": 12,
                "maxWidth": 120,
                "overflow": "hidden",
                "paddingBottom": 4,
                "paddingLeft": 8,
                "paddingRight": 8,
                "paddingTop": 4,
                "position": "absolute",
                "right": 20,
              },
              undefined,
            ]
          }
        />
      </View>
    </View>
  </View>
</RNCSafeAreaProvider>
`;
