// Jest Snapshot v1, https://goo.gl/fbAQLP

exports[`[ChangePw] screen renders without crashing 1`] = `
<RCTSafeAreaView
  emulateUnlessSupported={true}
  style={
    Object {
      "backgroundColor": "#ffffff",
      "flex": 1,
      "paddingBottom": 0,
    }
  }
>
  <View
    onLayout={[Function]}
    style={
      Array [
        Array [
          Object {
            "alignItems": "center",
            "alignSelf": "stretch",
            "flexBasis": 0,
            "flexDirection": "column",
            "flexGrow": 1,
            "flexShrink": 1,
            "justifyContent": "center",
          },
        ],
        Object {
          "paddingBottom": 0,
        },
      ]
    }
  >
    <View
      style={
        Array [
          Object {
            "flexBasis": 0,
            "flexGrow": 1,
            "flexShrink": 1,
            "paddingBottom": 0,
            "paddingLeft": 24,
            "paddingRight": 24,
            "paddingTop": 0,
            "width": "100%",
          },
        ]
      }
    >
      <View
        style={
          Array [
            Object {
              "alignSelf": "stretch",
              "flexDirection": "column",
            },
            Object {
              "marginTop": 40,
            },
          ]
        }
      >
        <Text
          style={
            Array [
              Object {
                "color": "#b9b9c4",
                "fontSize": 14,
                "fontWeight": "500",
                "marginBottom": 5,
              },
              undefined,
              false,
            ]
          }
        >
          Enter Current Password
        </Text>
        <TextInput
          allowFontScaling={true}
          autoCapitalize="none"
          multiline={false}
          onBlur={[Function]}
          onChangeText={[Function]}
          onFocus={[Function]}
          placeholder="******"
          placeholderTextColor="#676c7a"
          rejectResponderTermination={true}
          secureTextEntry={true}
          style={
            Array [
              Object {
                "fontSize": 15,
                "fontWeight": "500",
                "minHeight": 44,
                "paddingBottom": 15,
                "paddingTop": 15,
              },
              Object {
                "paddingVertical": 16,
              },
            ]
          }
          testID="input-pw"
          underlineColorAndroid="transparent"
          value=""
        />
        <View
          style={
            Array [
              Object {
                "alignItems": "center",
                "flexDirection": "row",
                "width": "100%",
              },
              undefined,
              Object {
                "borderBottomWidth": 0.6,
                "borderColor": "#2E2E2E",
              },
              false,
            ]
          }
        />
      </View>
      <View
        style={
          Array [
            Object {
              "alignSelf": "stretch",
              "flexDirection": "column",
            },
            Object {
              "marginTop": 20,
            },
          ]
        }
      >
        <Text
          style={
            Array [
              Object {
                "color": "#b9b9c4",
                "fontSize": 14,
                "fontWeight": "500",
                "marginBottom": 5,
              },
              undefined,
              false,
            ]
          }
        >
          Enter New Password
        </Text>
        <TextInput
          allowFontScaling={true}
          autoCapitalize="none"
          multiline={false}
          onBlur={[Function]}
          onChangeText={[Function]}
          onFocus={[Function]}
          placeholder="******"
          placeholderTextColor="#676c7a"
          rejectResponderTermination={true}
          secureTextEntry={true}
          style={
            Array [
              Object {
                "fontSize": 15,
                "fontWeight": "500",
                "minHeight": 44,
                "paddingBottom": 15,
                "paddingTop": 15,
              },
              Object {
                "paddingVertical": 16,
              },
            ]
          }
          testID="new-pw-input"
          underlineColorAndroid="transparent"
          value=""
        />
        <View
          style={
            Array [
              Object {
                "alignItems": "center",
                "flexDirection": "row",
                "width": "100%",
              },
              undefined,
              Object {
                "borderBottomWidth": 0.6,
                "borderColor": "#2E2E2E",
              },
              false,
            ]
          }
        />
      </View>
      <View
        style={
          Array [
            Object {
              "alignSelf": "stretch",
              "flexDirection": "column",
            },
            Object {
              "marginTop": 20,
            },
          ]
        }
      >
        <Text
          style={
            Array [
              Object {
                "color": "#b9b9c4",
                "fontSize": 14,
                "fontWeight": "500",
                "marginBottom": 5,
              },
              undefined,
              false,
            ]
          }
        >
          Repeat New Password
        </Text>
        <TextInput
          allowFontScaling={true}
          autoCapitalize="none"
          multiline={false}
          onBlur={[Function]}
          onChangeText={[Function]}
          onFocus={[Function]}
          placeholder="******"
          placeholderTextColor="#676c7a"
          rejectResponderTermination={true}
          secureTextEntry={true}
          style={
            Array [
              Object {
                "fontSize": 15,
                "fontWeight": "500",
                "minHeight": 44,
                "paddingBottom": 15,
                "paddingTop": 15,
              },
              Object {
                "paddingVertical": 16,
              },
            ]
          }
          testID="input-validation"
          underlineColorAndroid="transparent"
          value=""
        />
        <View
          style={
            Array [
              Object {
                "alignItems": "center",
                "flexDirection": "row",
                "width": "100%",
              },
              undefined,
              Object {
                "borderBottomWidth": 0.6,
                "borderColor": "#2E2E2E",
              },
              false,
            ]
          }
        />
      </View>
    </View>
    <View
      accessible={true}
      focusable={true}
      onClick={[Function]}
      onResponderGrant={[Function]}
      onResponderMove={[Function]}
      onResponderRelease={[Function]}
      onResponderTerminate={[Function]}
      onResponderTerminationRequest={[Function]}
      onStartShouldSetResponder={[Function]}
      style={
        Object {
          "marginBottom": 24,
          "opacity": 1,
        }
      }
      testID="close-current-pw-btn"
    />
  </View>
</RCTSafeAreaView>
`;
