// Jest Snapshot v1, https://goo.gl/fbAQLP

exports[`[Friend] rendering test should render without crashing 1`] = `
<View
  style={
    Array [
      Object {
        "alignItems": "center",
        "backgroundColor": "#ffffff",
        "flexBasis": 0,
        "flexDirection": "column",
        "flexGrow": 1,
        "flexShrink": 1,
        "justifyContent": "center",
      },
    ]
  }
>
  <RCTScrollView
    ListEmptyComponent={
      <Shared
        style={
          Object {
            "alignItems": "center",
            "alignSelf": "stretch",
            "flex": 1,
            "justifyContent": "center",
            "width": "100%",
          }
        }
      >
        No added friends
      </Shared>
    }
    contentContainerStyle={
      Object {
        "alignItems": "center",
        "flex": 1,
        "justifyContent": "center",
      }
    }
    data={Array []}
    disableVirtualization={false}
    getItem={[Function]}
    getItemCount={[Function]}
    horizontal={false}
    initialNumToRender={10}
    keyExtractor={[Function]}
    maxToRenderPerBatch={10}
    onContentSizeChange={[Function]}
    onEndReachedThreshold={2}
    onLayout={[Function]}
    onMomentumScrollEnd={[Function]}
    onScroll={[Function]}
    onScrollBeginDrag={[Function]}
    onScrollEndDrag={[Function]}
    removeClippedSubviews={false}
    renderItem={[Function]}
    scrollEventThrottle={50}
    stickyHeaderIndices={Array []}
    style={
      Object {
        "alignSelf": "stretch",
      }
    }
    testID="friend-list"
    updateCellsBatchingPeriod={50}
    viewabilityConfigCallbackPairs={Array []}
    windowSize={21}
  >
    <View>
      <View
        style={
          Object {
            "alignItems": "center",
            "alignSelf": "stretch",
            "flex": 1,
            "justifyContent": "center",
            "width": "100%",
          }
        }
      >
        <Text
          style={
            Object {
              "alignSelf": "center",
              "color": "rgb(155,155,155)",
              "fontSize": 14,
            }
          }
        >
          No added friends
        </Text>
      </View>
    </View>
  </RCTScrollView>
</View>
`;
