// Jest Snapshot v1, https://goo.gl/fbAQLP

exports[`[Login] rendering test renders as expected 1`] = `
<RCTSafeAreaView
  emulateUnlessSupported={true}
  style={
    Array [
      Object {
        "backgroundColor": "#ffffff",
        "flexBasis": 0,
        "flexGrow": 1,
        "flexShrink": 1,
      },
    ]
  }
>
  <RCTScrollView
    style={
      Array [
        Object {},
      ]
    }
  >
    <View>
      <View
        style={
          Array [
            Object {
              "alignItems": "center",
              "flexBasis": 0,
              "flexDirection": "column",
              "flexGrow": 1,
              "flexShrink": 1,
            },
          ]
        }
      >
        <View
          style={
            Array [
              Object {
                "alignItems": "flex-start",
                "flexDirection": "column",
                "left": 40,
                "position": "absolute",
                "top": 48,
              },
            ]
          }
        >
          <View
            accessible={true}
            isTVSelectable={true}
            onResponderGrant={[Function]}
            onResponderMove={[Function]}
            onResponderRelease={[Function]}
            onResponderTerminate={[Function]}
            onResponderTerminationRequest={[Function]}
            onStartShouldSetResponder={[Function]}
            style={
              Object {
                "opacity": 1,
              }
            }
          >
            <Image
              source={1}
              style={
                Array [
                  Object {
                    "height": 60,
                    "width": 60,
                  },
                ]
              }
            />
          </View>
          <Text
            style={
              Array [
                Object {
                  "color": "black",
                  "fontSize": 20,
                  "fontWeight": "bold",
                  "marginTop": 8,
                },
              ]
            }
          >
            Hello
            .
          </Text>
        </View>
        <View
          style={
            Array [
              Object {
                "alignItems": "center",
                "alignSelf": "stretch",
                "flexDirection": "column",
                "marginTop": 220,
                "paddingBottom": 0,
                "paddingLeft": 44,
                "paddingRight": 44,
                "paddingTop": 0,
              },
            ]
          }
        >
          <View
            style={
              Array [
                Object {
                  "alignItems": "flex-start",
                  "alignSelf": "stretch",
                  "flexDirection": "column",
                  "justifyContent": "flex-start",
                },
              ]
            }
          >
            <TextInput
              allowFontScaling={true}
              autoCapitalize="none"
              autoCorrect={false}
              focused={false}
              onBlur={[Function]}
              onChangeText={[Function]}
              onFocus={[Function]}
              placeholder="Email"
              placeholderTextColor="rgb(175,194,219)"
              rejectResponderTermination={true}
              style={
                Array [
                  Object {
                    "alignItems": "center",
                    "alignSelf": "stretch",
                    "borderColor": "rgb(221,226,236)",
                    "borderWidth": 1,
                    "color": "black",
                    "flexDirection": "row",
                    "fontSize": 16,
                    "justifyContent": "flex-start",
                    "marginBottom": 8,
                    "paddingBottom": 22,
                    "paddingLeft": 20,
                    "paddingRight": 20,
                    "paddingTop": 22,
                  },
                ]
              }
              testID="email_input"
              underlineColorAndroid="transparent"
              value=""
            />
          </View>
          <View
            style={
              Array [
                Object {
                  "alignItems": "flex-start",
                  "alignSelf": "stretch",
                  "flexDirection": "column",
                  "justifyContent": "flex-start",
                },
              ]
            }
          >
            <TextInput
              allowFontScaling={true}
              autoCapitalize="none"
              autoCorrect={false}
              focused={false}
              onBlur={[Function]}
              onChangeText={[Function]}
              onFocus={[Function]}
              placeholder="Password"
              placeholderTextColor="rgb(175,194,219)"
              rejectResponderTermination={true}
              secureTextEntry={true}
              style={
                Array [
                  Object {
                    "alignItems": "center",
                    "alignSelf": "stretch",
                    "borderColor": "rgb(221,226,236)",
                    "borderWidth": 1,
                    "color": "black",
                    "flexDirection": "row",
                    "fontSize": 16,
                    "justifyContent": "flex-start",
                    "marginBottom": 8,
                    "paddingBottom": 22,
                    "paddingLeft": 20,
                    "paddingRight": 20,
                    "paddingTop": 22,
                  },
                ]
              }
              testID="pw_input"
              underlineColorAndroid="transparent"
              value=""
            />
          </View>
          <View
            style={
              Array [
                Object {
                  "alignItems": "center",
                  "alignSelf": "stretch",
                  "flexDirection": "row",
                  "height": 60,
                  "justifyContent": "space-between",
                  "marginTop": 20,
                },
              ]
            }
          >
            <View
              accessible={true}
              isTVSelectable={true}
              onResponderGrant={[Function]}
              onResponderMove={[Function]}
              onResponderRelease={[Function]}
              onResponderTerminate={[Function]}
              onResponderTerminationRequest={[Function]}
              onStartShouldSetResponder={[Function]}
              style={
                Object {
                  "opacity": 1,
                }
              }
              testID="btnSignUp"
            >
              <View
                style={
                  Array [
                    Object {
                      "alignItems": "center",
                      "backgroundColor": "white",
                      "borderColor": "rgb(58,139,255)",
                      "borderRadius": 4,
                      "borderWidth": 1,
                      "justifyContent": "center",
                    },
                  ]
                }
                white={true}
              >
                <View
                  height={60}
                  style={
                    Array [
                      Object {
                        "alignItems": "center",
                        "height": 60,
                        "justifyContent": "center",
                        "width": 136,
                      },
                    ]
                  }
                  width={136}
                >
                  <Text
                    style={
                      Array [
                        Object {
                          "color": "rgb(58,139,255)",
                          "fontSize": 14,
                          "fontWeight": "bold",
                        },
                      ]
                    }
                    white={true}
                  >
                    Sign Up
                  </Text>
                </View>
              </View>
            </View>
            <View
              style={
                Object {
                  "width": 8,
                }
              }
            />
            <View
              accessible={true}
              isTVSelectable={true}
              onResponderGrant={[Function]}
              onResponderMove={[Function]}
              onResponderRelease={[Function]}
              onResponderTerminate={[Function]}
              onResponderTerminationRequest={[Function]}
              onStartShouldSetResponder={[Function]}
              style={
                Object {
                  "opacity": 1,
                }
              }
              testID="btnLogin"
            >
              <View
                style={
                  Array [
                    Object {
                      "alignItems": "center",
                      "backgroundColor": "rgb(58,139,255)",
                      "borderColor": "white",
                      "borderRadius": 4,
                      "borderWidth": 1,
                      "justifyContent": "center",
                    },
                  ]
                }
                white={false}
              >
                <View
                  height={60}
                  style={
                    Array [
                      Object {
                        "alignItems": "center",
                        "height": 60,
                        "justifyContent": "center",
                        "width": 136,
                      },
                    ]
                  }
                  width={136}
                >
                  <Text
                    style={
                      Array [
                        Object {
                          "color": "white",
                          "fontSize": 14,
                          "fontWeight": "bold",
                        },
                      ]
                    }
                    white={false}
                  >
                    Login
                  </Text>
                </View>
              </View>
            </View>
          </View>
          <View
            style={
              Object {
                "height": 16,
              }
            }
          />
          <View
            accessible={true}
            isTVSelectable={true}
            onResponderGrant={[Function]}
            onResponderMove={[Function]}
            onResponderRelease={[Function]}
            onResponderTerminate={[Function]}
            onResponderTerminationRequest={[Function]}
            onStartShouldSetResponder={[Function]}
            style={
              Object {
                "opacity": 1,
              }
            }
            testID="findPw"
          >
            <Text
              style={
                Array [
                  Object {
                    "color": "rgb(58,139,255)",
                    "fontSize": 12,
                    "textDecorationLine": "underline",
                  },
                ]
              }
            >
              Forgot password?
            </Text>
          </View>
        </View>
        <View
          style={
            Object {
              "alignSelf": "stretch",
              "flexDirection": "column",
              "marginBottom": 20,
              "paddingHorizontal": 44,
              "paddingVertical": 16,
            }
          }
        >
          <View
            accessible={true}
            isTVSelectable={true}
            onResponderGrant={[Function]}
            onResponderMove={[Function]}
            onResponderRelease={[Function]}
            onResponderTerminate={[Function]}
            onResponderTerminationRequest={[Function]}
            onStartShouldSetResponder={[Function]}
            style={
              Object {
                "opacity": 1,
              }
            }
            testID="btnGoogle"
          >
            <View
              style={
                Array [
                  Object {
                    "alignItems": "center",
                    "alignSelf": "center",
                    "borderColor": "blue",
                    "borderRadius": 4,
                    "borderWidth": 2,
                    "flexDirection": "row",
                    "height": 52,
                    "justifyContent": "center",
                    "width": 320,
                  },
                  Array [
                    Object {
                      "backgroundColor": "#ffffff",
                      "borderColor": "#ffffff",
                      "borderRadius": 0,
                      "borderWidth": 1,
                    },
                    Object {
                      "backgroundColor": "rgb(224,66,56)",
                      "marginTop": 20,
                      "width": "100%",
                    },
                  ],
                ]
              }
            >
              <View
                style={
                  Object {
                    "left": 16,
                    "position": "absolute",
                  }
                }
              >
                <Text />
              </View>
              <Text
                style={
                  Object {
                    "color": "white",
                    "fontSize": 14,
                    "fontWeight": "500",
                  }
                }
              >
                    Sign in with Google
              </Text>
            </View>
          </View>
          <View
            style={
              Object {
                "height": 4,
              }
            }
          />
          <View
            accessible={true}
            isTVSelectable={true}
            onResponderGrant={[Function]}
            onResponderMove={[Function]}
            onResponderRelease={[Function]}
            onResponderTerminate={[Function]}
            onResponderTerminationRequest={[Function]}
            onStartShouldSetResponder={[Function]}
            style={
              Object {
                "opacity": 1,
              }
            }
            testID="btnFacebook"
          >
            <View
              style={
                Array [
                  Object {
                    "alignItems": "center",
                    "alignSelf": "center",
                    "borderColor": "blue",
                    "borderRadius": 4,
                    "borderWidth": 2,
                    "flexDirection": "row",
                    "height": 52,
                    "justifyContent": "center",
                    "width": 320,
                  },
                  Array [
                    Object {
                      "backgroundColor": "#ffffff",
                      "borderColor": "#ffffff",
                      "borderRadius": 0,
                      "borderWidth": 1,
                    },
                    Object {
                      "backgroundColor": "rgb(52,89,151)",
                      "width": "100%",
                    },
                  ],
                ]
              }
            >
              <View
                style={
                  Object {
                    "left": 16,
                    "position": "absolute",
                  }
                }
              >
                <Text />
              </View>
              <Text
                style={
                  Object {
                    "color": "white",
                    "fontSize": 14,
                    "fontWeight": "500",
                  }
                }
              >
                    Sign in with Facebook
              </Text>
            </View>
          </View>
        </View>
      </View>
    </View>
  </RCTScrollView>
</RCTSafeAreaView>
`;
