// Jest Snapshot v1, https://goo.gl/fbAQLP

exports[`rendering test renders as expected 1`] = `
<View
  pointerEvents="box-none"
  style={
    Object {
      "flex": 1,
    }
  }
>
  <View
    collapsable={true}
    pointerEvents="box-none"
    style={
      Object {
        "flex": 1,
      }
    }
  >
    <View
      style={
        Array [
          Object {
            "alignItems": "center",
            "backgroundColor": "#ffffff",
            "flexBasis": 0,
            "flexDirection": "column",
            "flexGrow": 1,
            "flexShrink": 1,
          },
        ]
      }
    >
      <ScrollView
        contentContainerStyle={
          Object {
            "alignItems": "center",
            "justifyContent": "center",
          }
        }
        style={
          Array [
            Object {
              "alignSelf": "stretch",
            },
          ]
        }
      >
        <View
          style={
            Array [
              Object {
                "alignItems": "center",
                "flexDirection": "column",
                "marginTop": 48,
                "width": "78%",
              },
            ]
          }
        >
          <TouchableOpacity
            activeOpacity={0.5}
            testID="button-user-icon"
          >
            <View
              style={
                Object {
                  "height": 90,
                  "width": 90,
                }
              }
            >
              <Image
                height={80}
                source={
                  Object {
                    "canInstrument": true,
                    "createTransformer": [Function],
                    "getCacheKey": [Function],
                    "process": [Function],
                  }
                }
                width={80}
              />
              <Image
                source={
                  Object {
                    "canInstrument": true,
                    "createTransformer": [Function],
                    "getCacheKey": [Function],
                    "process": [Function],
                  }
                }
                style={
                  Object {
                    "bottom": 0,
                    "position": "absolute",
                    "right": 0,
                  }
                }
              />
            </View>
          </TouchableOpacity>
          <View
            style={
              Array [
                Object {
                  "alignSelf": "stretch",
                  "flexDirection": "column",
                },
                Object {
                  "marginTop": 32,
                },
              ]
            }
          >
            <Text
              style={
                Array [
                  Object {
                    "color": "#b9b9c4",
                    "fontSize": 14,
                    "fontWeight": "500",
                    "marginBottom": 5,
                  },
                  undefined,
                  null,
                ]
              }
            >
              Nickname
            </Text>
            <View
              style={
                Array [
                  Object {
                    "alignItems": "center",
                    "flexDirection": "row",
                  },
                ]
              }
            >
              <View
                style={
                  Array [
                    Object {
                      "alignItems": "center",
                      "flexDirection": "row",
                      "justifyContent": "space-between",
                      "width": "100%",
                    },
                    Object {
                      "borderBottomWidth": 0.6,
                      "borderColor": "#2E2E2E",
                    },
                    undefined,
                    null,
                  ]
                }
              >
                <TextInput
                  allowFontScaling={true}
                  autoCapitalize="none"
                  placeholder="Nickname can help others to find you"
                  placeholderTextColor="#676c7a"
                  rejectResponderTermination={true}
                  style={
                    Array [
                      Object {
                        "color": "#2c374e",
                        "flexBasis": 0,
                        "flexGrow": 1,
                        "flexShrink": 1,
                        "fontSize": 15,
                        "fontWeight": "500",
                        "height": "100%",
                        "paddingBottom": 15,
                        "paddingTop": 15,
                      },
                      Object {
                        "paddingVertical": 16,
                      },
                    ]
                  }
                  testID="input-nickname"
                  underlineColorAndroid="transparent"
                  value=""
                />
              </View>
            </View>
          </View>
          <View
            style={
              Array [
                Object {
                  "alignSelf": "stretch",
                  "flexDirection": "column",
                },
                Object {
                  "marginTop": 32,
                },
              ]
            }
          >
            <Text
              style={
                Array [
                  Object {
                    "color": "#b9b9c4",
                    "fontSize": 14,
                    "fontWeight": "500",
                    "marginBottom": 5,
                  },
                  undefined,
                  null,
                ]
              }
            >
              Name
            </Text>
            <View
              style={
                Array [
                  Object {
                    "alignItems": "center",
                    "flexDirection": "row",
                  },
                ]
              }
            >
              <View
                style={
                  Array [
                    Object {
                      "alignItems": "center",
                      "flexDirection": "row",
                      "justifyContent": "space-between",
                      "width": "100%",
                    },
                    Object {
                      "borderBottomWidth": 0.6,
                      "borderColor": "#2E2E2E",
                    },
                    undefined,
                    null,
                  ]
                }
              >
                <TextInput
                  allowFontScaling={true}
                  autoCapitalize="none"
                  placeholder="Please write your name"
                  placeholderTextColor="#676c7a"
                  rejectResponderTermination={true}
                  style={
                    Array [
                      Object {
                        "color": "#2c374e",
                        "flexBasis": 0,
                        "flexGrow": 1,
                        "flexShrink": 1,
                        "fontSize": 15,
                        "fontWeight": "500",
                        "height": "100%",
                        "paddingBottom": 15,
                        "paddingTop": 15,
                      },
                      Object {
                        "paddingVertical": 16,
                      },
                    ]
                  }
                  testID="input-name"
                  underlineColorAndroid="transparent"
                  value=""
                />
              </View>
            </View>
          </View>
          <View
            style={
              Array [
                Object {
                  "alignSelf": "stretch",
                  "flexDirection": "column",
                },
                Object {
                  "marginTop": 24,
                },
              ]
            }
          >
            <Text
              style={
                Array [
                  Object {
                    "color": "#b9b9c4",
                    "fontSize": 14,
                    "fontWeight": "500",
                    "marginBottom": 5,
                  },
                  undefined,
                  null,
                ]
              }
            >
              Status message
            </Text>
            <View
              style={
                Array [
                  Object {
                    "alignItems": "center",
                    "flexDirection": "row",
                  },
                ]
              }
            >
              <View
                style={
                  Array [
                    Object {
                      "alignItems": "center",
                      "flexDirection": "row",
                      "justifyContent": "space-between",
                      "width": "100%",
                    },
                    Object {
                      "borderBottomWidth": 0.6,
                      "borderColor": "#2E2E2E",
                    },
                    undefined,
                    null,
                  ]
                }
              >
                <TextInput
                  allowFontScaling={true}
                  autoCapitalize="none"
                  placeholder="Please write your status message"
                  placeholderTextColor="#676c7a"
                  rejectResponderTermination={true}
                  style={
                    Array [
                      Object {
                        "color": "#2c374e",
                        "flexBasis": 0,
                        "flexGrow": 1,
                        "flexShrink": 1,
                        "fontSize": 15,
                        "fontWeight": "500",
                        "height": "100%",
                        "paddingBottom": 15,
                        "paddingTop": 15,
                      },
                      Object {
                        "paddingVertical": 16,
                      },
                    ]
                  }
                  testID="input-status"
                  underlineColorAndroid="transparent"
                  value=""
                />
              </View>
            </View>
          </View>
          <View
            style={
              Array [
                Object {
                  "alignItems": "center",
                  "alignSelf": "stretch",
                  "flexBasis": 0,
                  "flexDirection": "row",
                  "flexGrow": 1,
                  "flexShrink": 1,
                  "height": 60,
                  "justifyContent": "space-between",
                  "marginBottom": 48,
                  "marginTop": 36,
                },
              ]
            }
          >
            <TouchableOpacity
              activeOpacity={0.2}
              style={
                Object {
                  "flex": 1,
                }
              }
              testID="button-update"
            >
              <View
                style={
                  Array [
                    Object {
                      "alignItems": "center",
                      "alignSelf": "center",
                      "borderColor": "blue",
                      "flexDirection": "row",
                      "height": 52,
                      "justifyContent": "center",
                    },
                    Object {
                      "backgroundColor": "#1E6EFA",
                      "borderColor": "#1E6EFA",
                      "borderWidth": 1,
                      "width": "100%",
                    },
                  ]
                }
              >
                <Text
                  style={
                    Array [
                      Object {
                        "color": "#069ccd",
                        "fontSize": 16,
                      },
                      Object {
                        "color": "#ffffff",
                        "fontSize": 14,
                        "fontWeight": "bold",
                      },
                    ]
                  }
                >
                  Update
                </Text>
              </View>
            </TouchableOpacity>
          </View>
        </View>
      </ScrollView>
    </View>
  </View>
  <View
    style={
      Object {
        "bottom": 0,
        "position": "absolute",
        "width": "100%",
      }
    }
  >
    <View
      pointerEvents="box-none"
      style={
        Object {
          "bottom": "100%",
          "flexDirection": "row",
          "justifyContent": "flex-end",
          "paddingBottom": 4,
          "paddingEnd": 4,
          "position": "absolute",
          "width": "100%",
        }
      }
    >
      <TouchableWithoutFeedback
        hitSlop={
          Object {
            "bottom": 4,
            "left": 4,
            "right": 4,
            "top": 4,
          }
        }
      >
        <View
          style={
            Array [
              Object {
                "backgroundColor": "rgba(250, 186, 48, 0.95)",
              },
              Object {
                "borderRadius": 14,
                "height": 28,
                "justifyContent": "center",
                "paddingHorizontal": 12,
              },
            ]
          }
        >
          <Text
            numberOfLines={1}
            style={
              Object {
                "color": "rgba(255, 255, 255, 1)",
                "fontSize": 12,
                "includeFontPadding": false,
                "lineHeight": 16,
              }
            }
          >
            Dismiss All
          </Text>
        </View>
      </TouchableWithoutFeedback>
    </View>
    <ScrollView
      data={
        Array [
          Object {
            "category": "Warning: AsyncStorage has been extracted from react-native core and will be removed in a future release. It can now be installed and imported from '@react-native-community/async-storage' instead of 'react-native'. See https://github.com/react-native-community/react-native-async-storage",
            "warnings": Array [
              YellowBoxWarning {
                "message": Object {
                  "content": "Warning: AsyncStorage has been extracted from react-native core and will be removed in a future release. It can now be installed and imported from '@react-native-community/async-storage' instead of 'react-native'. See https://github.com/react-native-community/react-native-async-storage",
                  "substitutions": Array [],
                },
                "stack": Array [
                  Object {
                    "arguments": Array [],
                    "column": 13,
                    "file": "/Users/dooboolab/Github/dooboolab/hackatalk-mobile/node_modules/react-native/node_modules/fbjs/lib/warning.js",
                    "lineNumber": 30,
                    "methodName": "printWarning",
                  },
                  Object {
                    "arguments": Array [],
                    "column": 18,
                    "file": "/Users/dooboolab/Github/dooboolab/hackatalk-mobile/node_modules/react-native/node_modules/fbjs/lib/warning.js",
                    "lineNumber": 51,
                    "methodName": "warning",
                  },
                  Object {
                    "arguments": Array [],
                    "column": 3,
                    "file": "/Users/dooboolab/Github/dooboolab/hackatalk-mobile/node_modules/react-native/Libraries/Utilities/warnOnce.js",
                    "lineNumber": 29,
                    "methodName": "warnOnce",
                  },
                  Object {
                    "arguments": Array [],
                    "column": 5,
                    "file": "/Users/dooboolab/Github/dooboolab/hackatalk-mobile/node_modules/react-native/Libraries/react-native/react-native-implementation.js",
                    "lineNumber": 175,
                    "methodName": "Object.get AsyncStorage [as AsyncStorage]",
                  },
                  Object {
                    "arguments": Array [],
                    "column": 24,
                    "file": "/Users/dooboolab/Github/dooboolab/hackatalk-mobile/node_modules/@virgilsecurity/e3kit-native/dist/e3kit-native.cjs.js",
                    "lineNumber": 20078,
                    "methodName": "Object.get AsyncStorage [as AsyncStorage]",
                  },
                ],
                "symbolicated": Object {
                  "error": null,
                  "stack": null,
                  "status": "NONE",
                },
              },
            ],
          },
        ]
      }
      disableVirtualization={false}
      horizontal={false}
      initialNumToRender={10}
      maxToRenderPerBatch={10}
      numColumns={1}
      onEndReachedThreshold={2}
      removeClippedSubviews={false}
      scrollEnabled={false}
      scrollEventThrottle={50}
      scrollsToTop={false}
      stickyHeaderIndices={Array []}
      style={
        Object {
          "height": 48.5,
        }
      }
      updateCellsBatchingPeriod={50}
      viewabilityConfigCallbackPairs={Array []}
      windowSize={21}
    >
      <View
        style={null}
      >
        <TouchableWithoutFeedback>
          <View
            style={
              Array [
                Object {
                  "backgroundColor": "rgba(250, 186, 48, 0.95)",
                },
                Object {
                  "height": 48,
                  "justifyContent": "center",
                  "marginTop": 0.5,
                  "paddingHorizontal": 12,
                },
              ]
            }
          >
            <View
              style={
                Object {
                  "alignItems": "flex-start",
                  "flexDirection": "row",
                }
              }
            >
              <Text
                numberOfLines={2}
                style={
                  Object {
                    "color": "rgba(255, 255, 255, 1)",
                    "flex": 1,
                    "fontSize": 14,
                    "includeFontPadding": false,
                    "lineHeight": 18,
                  }
                }
              >
                <Text>
                  Warning: AsyncStorage has been extracted from react-native core and will be removed in a future release. It can now be installed and imported from '@react-native-community/async-storage' instead of 'react-native'. See https://github.com/react-native-community/react-native-async-storage
                </Text>
              </Text>
            </View>
          </View>
        </TouchableWithoutFeedback>
      </View>
    </ScrollView>
    <SafeAreaView
      style={
        Object {
          "backgroundColor": "rgba(250, 186, 48, 0.95)",
          "marginTop": 0.5,
        }
      }
    />
  </View>
</View>
`;
