// Jest Snapshot v1, https://goo.gl/fbAQLP

exports[`[WebView] screen renders without crashing 1`] = `
<View
  pointerEvents="box-none"
  style={
    Object {
      "flex": 1,
    }
  }
>
  <View
    collapsable={true}
    pointerEvents="box-none"
    style={
      Object {
        "flex": 1,
      }
    }
  >
    <SafeAreaView
      style={
        Array [
          Object {
            "alignItems": "center",
            "backgroundColor": "#ffffff",
            "flexBasis": 0,
            "flexDirection": "row",
            "flexGrow": 1,
            "flexShrink": 1,
            "justifyContent": "center",
          },
        ]
      }
    >
      <View
        style={
          Array [
            Object {
              "flex": 1,
              "overflow": "hidden",
            },
            undefined,
          ]
        }
      >
        <RNCWebView
          cacheEnabled={true}
          javaScriptEnabled={true}
          messagingEnabled={false}
          source={
            Object {
              "uri": "https://dooboolab.com",
            }
          }
          style={
            Array [
              Object {
                "flex": 1,
                "overflow": "hidden",
              },
              Object {
                "backgroundColor": "#ffffff",
              },
              undefined,
            ]
          }
          useSharedProcessPool={true}
        />
      </View>
    </SafeAreaView>
  </View>
</View>
`;
