// Jest Snapshot v1, https://goo.gl/fbAQLP

exports[`Rendering renders without crashing 1`] = `
<RNCSafeAreaProvider
  onInsetsChange={[Function]}
  style={
    Array [
      Object {
        "flex": 1,
      },
      undefined,
    ]
  }
>
  <View
    style={
      Array [
        Object {
          "alignItems": "center",
          "backgroundColor": "transparent",
          "flexBasis": 0,
          "flexDirection": "row",
          "flexGrow": 1,
          "flexShrink": 1,
          "justifyContent": "center",
        },
        undefined,
      ]
    }
  >
    <RCTScrollView
      ListEmptyComponent={
        <Shared
          style={
            Object {
              "alignItems": "center",
              "alignSelf": "stretch",
              "flex": 1,
              "justifyContent": "center",
              "width": "100%",
            }
          }
        >
          No banned user
        </Shared>
      }
      ListFooterComponent={
        <View
          style={
            Object {
              "height": 60,
            }
          }
        />
      }
      contentContainerStyle={null}
      data={
        Array [
          Object {
            "__fragmentOwner": Object {
              "cacheConfig": Object {
                "force": true,
              },
              "identifier": "7bd15cc4e160652eb15d970256188c5b{}",
              "node": Object {
                "fragment": Object {
                  "abstractKey": null,
                  "argumentDefinitions": Array [],
                  "kind": "Fragment",
                  "metadata": null,
                  "name": "UserBlockedUsersQuery",
                  "selections": Array [
                    Object {
                      "alias": null,
                      "args": null,
                      "concreteType": "User",
                      "kind": "LinkedField",
                      "name": "blockedUsers",
                      "plural": true,
                      "selections": Array [
                        Object {
                          "alias": null,
                          "args": null,
                          "kind": "ScalarField",
                          "name": "id",
                          "storageKey": null,
                        },
                        Object {
                          "args": null,
                          "kind": "FragmentSpread",
                          "name": "ProfileModal_user",
                        },
                        Object {
                          "args": null,
                          "kind": "FragmentSpread",
                          "name": "UserListItem_user",
                        },
                      ],
                      "storageKey": null,
                    },
                  ],
                  "type": "Query",
                },
                "hash": "de6f1c0db8178def0afba2a4c90484fc",
                "kind": "Request",
                "operation": Object {
                  "argumentDefinitions": Array [],
                  "kind": "Operation",
                  "name": "UserBlockedUsersQuery",
                  "selections": Array [
                    Object {
                      "alias": null,
                      "args": null,
                      "concreteType": "User",
                      "kind": "LinkedField",
                      "name": "blockedUsers",
                      "plural": true,
                      "selections": Array [
                        Object {
                          "alias": null,
                          "args": null,
                          "kind": "ScalarField",
                          "name": "id",
                          "storageKey": null,
                        },
                        Object {
                          "alias": null,
                          "args": null,
                          "kind": "ScalarField",
                          "name": "photoURL",
                          "storageKey": null,
                        },
                        Object {
                          "alias": null,
                          "args": null,
                          "kind": "ScalarField",
                          "name": "name",
                          "storageKey": null,
                        },
                        Object {
                          "alias": null,
                          "args": null,
                          "kind": "ScalarField",
                          "name": "nickname",
                          "storageKey": null,
                        },
                        Object {
                          "alias": null,
                          "args": null,
                          "kind": "ScalarField",
                          "name": "hasBlocked",
                          "storageKey": null,
                        },
                        Object {
                          "alias": null,
                          "args": null,
                          "kind": "ScalarField",
                          "name": "statusMessage",
                          "storageKey": null,
                        },
                        Object {
                          "alias": null,
                          "args": null,
                          "kind": "ScalarField",
                          "name": "isFriend",
                          "storageKey": null,
                        },
                        Object {
                          "alias": null,
                          "args": null,
                          "kind": "ScalarField",
                          "name": "isOnline",
                          "storageKey": null,
                        },
                      ],
                      "storageKey": null,
                    },
                  ],
                },
                "params": Object {
                  "cacheID": "7bd15cc4e160652eb15d970256188c5b",
                  "id": null,
                  "metadata": Object {},
                  "name": "UserBlockedUsersQuery",
                  "operationKind": "query",
                  "text": "query UserBlockedUsersQuery {
  blockedUsers {
    id
    ...ProfileModal_user
    ...UserListItem_user
  }
}

fragment ProfileModal_user on User {
  id
  photoURL
  name
  nickname
  hasBlocked
  statusMessage
  isFriend
}

fragment UserListItem_user on User {
  id
  photoURL
  nickname
  name
  statusMessage
  isOnline
  hasBlocked
}
",
                },
              },
              "variables": Object {},
            },
            "__fragments": Object {
              "ProfileModal_user": Object {},
              "UserListItem_user": Object {},
            },
            "__id": "<User-mock-id-1>",
            "__isWithinUnmatchedTypeRefinement": false,
            "id": "<User-mock-id-1>",
          },
        ]
      }
      getItem={[Function]}
      getItemCount={[Function]}
      keyExtractor={[Function]}
      onContentSizeChange={[Function]}
      onEndReachedThreshold={0.1}
      onLayout={[Function]}
      onMomentumScrollBegin={[Function]}
      onMomentumScrollEnd={[Function]}
      onScroll={[Function]}
      onScrollBeginDrag={[Function]}
      onScrollEndDrag={[Function]}
      removeClippedSubviews={false}
      renderItem={[Function]}
      scrollEventThrottle={50}
      stickyHeaderIndices={Array []}
      style={
        Object {
          "alignSelf": "stretch",
        }
      }
      viewabilityConfigCallbackPairs={Array []}
    >
      <View>
        <View
          onLayout={[Function]}
          style={null}
        >
          <View
            style={
              Array [
                Object {
                  "width": "100%",
                },
                undefined,
              ]
            }
          >
            <View
              accessible={true}
              collapsable={false}
              focusable={true}
              onClick={[Function]}
              onResponderGrant={[Function]}
              onResponderMove={[Function]}
              onResponderRelease={[Function]}
              onResponderTerminate={[Function]}
              onResponderTerminationRequest={[Function]}
              onStartShouldSetResponder={[Function]}
              style={
                Object {
                  "opacity": 1,
                }
              }
              testID="peer-button"
            >
              <View
                style={
                  Array [
                    Object {
                      "alignItems": "center",
                      "backgroundColor": "#151C22",
                      "borderBottomColor": "#000",
                      "borderBottomWidth": 1,
                      "borderLeftColor": "#000",
                      "borderRightColor": "#000",
                      "borderTopColor": "#000",
                      "flexDirection": "row",
                      "height": 80,
                      "justifyContent": "flex-start",
                      "paddingBottom": 0,
                      "paddingLeft": 20,
                      "paddingRight": 20,
                      "paddingTop": 0,
                    },
                    undefined,
                  ]
                }
                testID="userListItem-wrapper"
              >
                <View
                  style={
                    Array [
                      Object {
                        "alignItems": "center",
                        "height": 40,
                        "justifyContent": "center",
                        "width": 40,
                      },
                      undefined,
                    ]
                  }
                >
                  <Image
                    resizeMode="cover"
                    source={
                      Object {
                        "uri": "<mock-value-for-field-\\"photoURL\\">",
                      }
                    }
                    style={
                      Array [
                        Object {
                          "borderBottomLeftRadius": 20,
                          "borderBottomRightRadius": 20,
                          "borderTopLeftRadius": 20,
                          "borderTopRightRadius": 20,
                          "height": 40,
                          "width": 40,
                        },
                        undefined,
                      ]
                    }
                  />
                  <View
                    style={
                      Object {
                        "left": 0,
                        "position": "absolute",
                        "top": 0,
                      }
                    }
                  >
                    <Text />
                  </View>
                </View>
                <Text
                  numberOfLines={1}
                  style={
                    Array [
                      Object {
                        "color": "white",
                        "fontSize": 14,
                        "fontWeight": "bold",
                        "marginLeft": 12,
                        "width": 200,
                      },
                      undefined,
                    ]
                  }
                >
                  &lt;mock-value-for-field-"nickname"&gt;
                </Text>
                <Text
                  ellipsizeMode="tail"
                  numberOfLines={1}
                  style={
                    Array [
                      Object {
                        "color": "white",
                        "fontSize": 12,
                        "maxWidth": 120,
                        "overflow": "hidden",
                        "paddingBottom": 4,
                        "paddingLeft": 8,
                        "paddingRight": 8,
                        "paddingTop": 4,
                        "position": "absolute",
                        "right": 20,
                      },
                      undefined,
                    ]
                  }
                >
                  &lt;mock-value-for-field-"statusMessage"&gt;
                </Text>
              </View>
            </View>
          </View>
        </View>
        <View
          onLayout={[Function]}
        >
          <View
            style={
              Object {
                "height": 60,
              }
            }
          />
        </View>
      </View>
    </RCTScrollView>
  </View>
</RNCSafeAreaProvider>
`;
