// Jest Snapshot v1, https://goo.gl/fbAQLP

exports[`[SignUp] rendering test renders as expected 1`] = `
<RNCSafeAreaProvider
  onInsetsChange={[Function]}
  style={
    [
      {
        "flex": 1,
      },
      undefined,
    ]
  }
>
  <RCTSafeAreaView
    emulateUnlessSupported={true}
    style={
      [
        {
          "backgroundColor": "#000",
          "flexBasis": 0,
          "flexGrow": 1,
          "flexShrink": 1,
        },
        undefined,
      ]
    }
  >
    <View
      onLayout={[Function]}
      style={
        [
          [
            {
              "flexBasis": 0,
              "flexGrow": 1,
              "flexShrink": 1,
            },
            undefined,
          ],
          {
            "paddingBottom": 0,
          },
        ]
      }
    >
      <RCTScrollView
        style={
          {
            "alignSelf": "stretch",
          }
        }
      >
        <View>
          <View
            style={
              [
                {
                  "marginBottom": 44,
                  "marginLeft": 44,
                  "marginRight": 44,
                  "marginTop": 44,
                },
                undefined,
              ]
            }
          >
            <View
              accessible={true}
              collapsable={false}
              focusable={true}
              onClick={[Function]}
              onResponderGrant={[Function]}
              onResponderMove={[Function]}
              onResponderRelease={[Function]}
              onResponderTerminate={[Function]}
              onResponderTerminationRequest={[Function]}
              onStartShouldSetResponder={[Function]}
              style={
                {
                  "alignSelf": "center",
                  "marginBottom": 12,
                  "opacity": 1,
                }
              }
              testID="button-user-icon"
            >
              <View
                style={
                  {
                    "height": 90,
                    "width": 90,
                  }
                }
              >
                <Image
                  source={
                    {
                      "canInstrument": true,
                      "createTransformer": [Function],
                      "getCacheKey": [Function],
                      "process": [Function],
                    }
                  }
                  style={
                    {
                      "height": 80,
                      "width": 80,
                    }
                  }
                />
                <Image
                  source={
                    {
                      "canInstrument": true,
                      "createTransformer": [Function],
                      "getCacheKey": [Function],
                      "process": [Function],
                    }
                  }
                  style={
                    {
                      "bottom": 0,
                      "position": "absolute",
                      "right": 0,
                    }
                  }
                />
              </View>
            </View>
            <View
              style={
                [
                  {
                    "alignSelf": "stretch",
                    "flexDirection": "column",
                  },
                  undefined,
                ]
              }
              testID="container-id"
            >
              <View
                style={
                  [
                    [
                      {
                        "alignSelf": "stretch",
                        "borderBottomColor": "white",
                        "borderBottomWidth": 1,
                        "flexDirection": "column",
                        "justifyContent": "space-between",
                      },
                      {
                        "borderBottomColor": "#000",
                      },
                    ],
                    false,
                    {
                      "borderColor": "white",
                    },
                    {
                      "borderBottomColor": "white",
                    },
                  ]
                }
              >
                <Text
                  style={
                    [
                      [
                        {
                          "color": "#6D6D6D",
                          "fontSize": 14,
                          "paddingHorizontal": 4,
                        },
                        undefined,
                      ],
                      false,
                      {},
                    ]
                  }
                >
                  Email
                </Text>
                <TextInput
                  autoCapitalize="none"
                  editable={true}
                  multiline={false}
                  onBlur={[Function]}
                  onChangeText={[Function]}
                  onFocus={[Function]}
                  onSubmitEditing={[Function]}
                  placeholder="hello@example.com"
                  placeholderTextColor="#6D6D6D"
                  secureTextEntry={false}
                  style={
                    [
                      [
                        {
                          "color": "white",
                          "fontSize": 14,
                          "paddingHorizontal": 10,
                          "paddingVertical": 10,
                        },
                        {
                          "color": "white",
                        },
                      ],
                      false,
                    ]
                  }
                  testID="input-email"
                  value=""
                />
              </View>
              <View
                style={
                  {
                    "flex": 1,
                    "flexDirection": "row",
                    "justifyContent": "space-between",
                  }
                }
              >
                <Text
                  style={
                    [
                      [
                        {
                          "color": "#FF002E",
                          "fontSize": 12,
                          "marginTop": 8,
                          "paddingHorizontal": 10,
                        },
                        undefined,
                      ],
                      {
                        "color": "#FF002E",
                        "flex": 1,
                      },
                    ]
                  }
                />
              </View>
            </View>
            <View
              style={
                [
                  {
                    "alignSelf": "stretch",
                    "flexDirection": "column",
                  },
                  {
                    "marginTop": 32,
                  },
                ]
              }
              testID="container-id"
            >
              <View
                style={
                  [
                    [
                      {
                        "alignSelf": "stretch",
                        "borderBottomColor": "white",
                        "borderBottomWidth": 1,
                        "flexDirection": "column",
                        "justifyContent": "space-between",
                      },
                      {
                        "borderColor": "white",
                      },
                    ],
                    false,
                    {
                      "borderColor": "white",
                    },
                    {
                      "borderBottomColor": "white",
                    },
                  ]
                }
              >
                <Text
                  style={
                    [
                      [
                        {
                          "color": "#6D6D6D",
                          "fontSize": 14,
                          "paddingHorizontal": 4,
                        },
                        undefined,
                      ],
                      false,
                      {},
                    ]
                  }
                >
                  Password
                </Text>
                <TextInput
                  autoCapitalize="none"
                  editable={true}
                  multiline={false}
                  onBlur={[Function]}
                  onChangeText={[Function]}
                  onFocus={[Function]}
                  onSubmitEditing={[Function]}
                  placeholder="********"
                  placeholderTextColor="#6D6D6D"
                  secureTextEntry={true}
                  style={
                    [
                      [
                        {
                          "color": "white",
                          "fontSize": 14,
                          "paddingHorizontal": 10,
                          "paddingVertical": 10,
                        },
                        {
                          "color": "white",
                        },
                      ],
                      false,
                    ]
                  }
                  testID="input-password"
                  value=""
                />
              </View>
              <View
                style={
                  {
                    "flex": 1,
                    "flexDirection": "row",
                    "justifyContent": "space-between",
                  }
                }
              >
                <Text
                  style={
                    [
                      [
                        {
                          "color": "#FF002E",
                          "fontSize": 12,
                          "marginTop": 8,
                          "paddingHorizontal": 10,
                        },
                        undefined,
                      ],
                      {
                        "color": "#FF002E",
                        "flex": 1,
                      },
                    ]
                  }
                />
              </View>
            </View>
            <View
              style={
                [
                  {
                    "alignSelf": "stretch",
                    "flexDirection": "column",
                  },
                  {
                    "marginTop": 32,
                  },
                ]
              }
              testID="container-id"
            >
              <View
                style={
                  [
                    [
                      {
                        "alignSelf": "stretch",
                        "borderBottomColor": "white",
                        "borderBottomWidth": 1,
                        "flexDirection": "column",
                        "justifyContent": "space-between",
                      },
                      {
                        "borderBottomColor": "white",
                        "paddingVertical": 8,
                      },
                    ],
                    false,
                    {
                      "borderColor": "white",
                    },
                    {
                      "borderBottomColor": "white",
                    },
                  ]
                }
              >
                <Text
                  style={
                    [
                      [
                        {
                          "color": "#6D6D6D",
                          "fontSize": 14,
                          "paddingHorizontal": 4,
                        },
                        undefined,
                      ],
                      false,
                      {},
                    ]
                  }
                >
                  Confirm password
                </Text>
                <TextInput
                  autoCapitalize="none"
                  editable={true}
                  multiline={false}
                  onBlur={[Function]}
                  onChangeText={[Function]}
                  onFocus={[Function]}
                  onSubmitEditing={[Function]}
                  placeholder="********"
                  placeholderTextColor="#6D6D6D"
                  secureTextEntry={true}
                  style={
                    [
                      [
                        {
                          "color": "white",
                          "fontSize": 14,
                          "paddingHorizontal": 10,
                          "paddingVertical": 10,
                        },
                        {
                          "color": "white",
                        },
                      ],
                      false,
                    ]
                  }
                  testID="input-confirm-password"
                  value=""
                />
              </View>
              <View
                style={
                  {
                    "flex": 1,
                    "flexDirection": "row",
                    "justifyContent": "space-between",
                  }
                }
              >
                <Text
                  style={
                    [
                      [
                        {
                          "color": "#FF002E",
                          "fontSize": 12,
                          "marginTop": 8,
                          "paddingHorizontal": 10,
                        },
                        undefined,
                      ],
                      {
                        "color": "#FF002E",
                        "flex": 1,
                      },
                    ]
                  }
                />
              </View>
            </View>
            <View
              style={
                [
                  {
                    "alignSelf": "stretch",
                    "flexDirection": "column",
                  },
                  {
                    "marginTop": 32,
                  },
                ]
              }
              testID="container-id"
            >
              <View
                style={
                  [
                    [
                      {
                        "alignSelf": "stretch",
                        "borderBottomColor": "white",
                        "borderBottomWidth": 1,
                        "flexDirection": "column",
                        "justifyContent": "space-between",
                      },
                      {
                        "borderColor": "white",
                      },
                    ],
                    false,
                    {
                      "borderColor": "white",
                    },
                    {
                      "borderBottomColor": "white",
                    },
                  ]
                }
              >
                <Text
                  style={
                    [
                      [
                        {
                          "color": "#6D6D6D",
                          "fontSize": 14,
                          "paddingHorizontal": 4,
                        },
                        undefined,
                      ],
                      false,
                      {},
                    ]
                  }
                >
                  Name
                </Text>
                <TextInput
                  autoCapitalize="none"
                  editable={true}
                  multiline={false}
                  onBlur={[Function]}
                  onChangeText={[Function]}
                  onFocus={[Function]}
                  onSubmitEditing={[Function]}
                  placeholder="Please write your name"
                  placeholderTextColor="#6D6D6D"
                  secureTextEntry={false}
                  style={
                    [
                      [
                        {
                          "color": "white",
                          "fontSize": 14,
                          "paddingHorizontal": 10,
                          "paddingVertical": 10,
                        },
                        {
                          "color": "white",
                        },
                      ],
                      false,
                    ]
                  }
                  testID="input-name"
                  value=""
                />
              </View>
              <View
                style={
                  {
                    "flex": 1,
                    "flexDirection": "row",
                    "justifyContent": "space-between",
                  }
                }
              >
                <Text
                  style={
                    [
                      [
                        {
                          "color": "#FF002E",
                          "fontSize": 12,
                          "marginTop": 8,
                          "paddingHorizontal": 10,
                        },
                        undefined,
                      ],
                      {
                        "color": "#FF002E",
                        "flex": 1,
                      },
                    ]
                  }
                />
              </View>
            </View>
            <View
              style={
                [
                  {
                    "alignSelf": "stretch",
                    "flexDirection": "column",
                  },
                  {
                    "marginTop": 32,
                  },
                ]
              }
              testID="container-id"
            >
              <View
                style={
                  [
                    [
                      {
                        "alignSelf": "stretch",
                        "borderBottomColor": "white",
                        "borderBottomWidth": 1,
                        "flexDirection": "column",
                        "justifyContent": "space-between",
                      },
                      {
                        "borderColor": "white",
                        "borderWidth": 1,
                        "paddingHorizontal": 8,
                        "paddingVertical": 12,
                      },
                    ],
                    false,
                    {
                      "borderColor": "white",
                    },
                    {
                      "borderBottomColor": "white",
                    },
                  ]
                }
              >
                <Text
                  style={
                    [
                      [
                        {
                          "color": "#6D6D6D",
                          "fontSize": 14,
                          "paddingHorizontal": 4,
                        },
                        undefined,
                      ],
                      false,
                      {},
                    ]
                  }
                >
                  Status
                </Text>
                <TextInput
                  autoCapitalize="none"
                  editable={true}
                  maxLength={60}
                  multiline={true}
                  onBlur={[Function]}
                  onChangeText={[Function]}
                  onFocus={[Function]}
                  onSubmitEditing={[Function]}
                  placeholder="Please write your status message"
                  placeholderTextColor="#6D6D6D"
                  secureTextEntry={false}
                  style={
                    [
                      [
                        {
                          "color": "white",
                          "fontSize": 14,
                          "paddingHorizontal": 10,
                          "paddingVertical": 10,
                        },
                        {
                          "color": "white",
                          "marginTop": 12,
                        },
                      ],
                      false,
                    ]
                  }
                  testID="input-status"
                  value=""
                />
              </View>
              <View
                style={
                  {
                    "flex": 1,
                    "flexDirection": "row",
                    "justifyContent": "space-between",
                  }
                }
              >
                <Text
                  style={
                    [
                      [
                        {
                          "color": "#FF002E",
                          "fontSize": 12,
                          "marginTop": 8,
                          "paddingHorizontal": 10,
                        },
                        undefined,
                      ],
                      {
                        "color": "#FF002E",
                        "flex": 1,
                      },
                    ]
                  }
                />
                <Text
                  style={
                    [
                      {
                        "color": "white",
                        "fontSize": 12,
                        "marginTop": 8,
                        "paddingHorizontal": 10,
                      },
                      undefined,
                    ]
                  }
                >
                  0/60
                </Text>
              </View>
            </View>
          </View>
          <View
            accessible={true}
            collapsable={false}
            focusable={true}
            onClick={[Function]}
            onResponderGrant={[Function]}
            onResponderMove={[Function]}
            onResponderRelease={[Function]}
            onResponderTerminate={[Function]}
            onResponderTerminationRequest={[Function]}
            onStartShouldSetResponder={[Function]}
            style={
              {
                "opacity": 1,
              }
            }
            testID="btn-sign-up"
          />
        </View>
      </RCTScrollView>
    </View>
  </RCTSafeAreaView>
</RNCSafeAreaProvider>
`;
