// Jest Snapshot v1, https://goo.gl/fbAQLP

exports[`[SignIn] rendering test should render [Dark] mode without crashing 1`] = `
<RNCSafeAreaProvider
  onInsetsChange={[Function]}
  style={
    Array [
      Object {
        "flex": 1,
      },
      undefined,
    ]
  }
>
  <RCTSafeAreaView
    emulateUnlessSupported={true}
    style={
      Array [
        Object {
          "backgroundColor": "#000",
          "flexBasis": 0,
          "flexGrow": 1,
          "flexShrink": 1,
          "justifyContent": "center",
        },
        undefined,
      ]
    }
  >
    <RCTScrollView
      style={
        Array [
          Object {
            "alignSelf": "center",
            "width": "100%",
          },
          undefined,
        ]
      }
    >
      <View>
        <View
          accessible={true}
          collapsable={false}
          focusable={true}
          onClick={[Function]}
          onResponderGrant={[Function]}
          onResponderMove={[Function]}
          onResponderRelease={[Function]}
          onResponderTerminate={[Function]}
          onResponderTerminationRequest={[Function]}
          onStartShouldSetResponder={[Function]}
          style={
            Object {
              "height": undefined,
              "left": undefined,
              "opacity": 1,
              "position": "absolute",
              "top": undefined,
              "width": undefined,
              "zIndex": 15,
            }
          }
          testID="theme-test"
        >
          <Image
            source={
              Object {
                "canInstrument": true,
                "createTransformer": [Function],
                "getCacheKey": [Function],
                "process": [Function],
              }
            }
            style={
              Object {
                "height": "100%",
                "resizeMode": "cover",
                "width": "100%",
              }
            }
          />
        </View>
        <View
          style={
            Array [
              Object {
                "marginBottom": 40,
                "marginLeft": 40,
                "marginRight": 40,
                "marginTop": 40,
              },
              undefined,
            ]
          }
        >
          <View
            style={
              Array [
                Object {
                  "marginBottom": 72,
                  "marginTop": 44,
                },
                undefined,
              ]
            }
          >
            <View
              style={
                Object {
                  "height": 72,
                }
              }
            />
            <Text
              style={
                Array [
                  Object {
                    "alignSelf": "flex-start",
                    "color": "white",
                    "fontSize": 20,
                    "fontWeight": "bold",
                    "marginLeft": 6,
                  },
                  undefined,
                ]
              }
            >
              Hello
            </Text>
          </View>
          <View
            style={
              Array [
                Object {
                  "alignSelf": "stretch",
                  "flexDirection": "column",
                },
                Object {
                  "marginBottom": 4,
                },
              ]
            }
            testID="container-id"
          >
            <View
              style={
                Array [
                  Array [
                    Object {
                      "alignItems": "center",
                      "alignSelf": "stretch",
                      "borderBottomColor": "white",
                      "borderBottomWidth": 1,
                      "flexDirection": "row",
                      "justifyContent": "space-between",
                    },
                    Object {
                      "borderColor": "white",
                    },
                  ],
                  false,
                  Object {
                    "borderColor": "white",
                  },
                  Object {
                    "borderBottomColor": "white",
                  },
                ]
              }
            >
              <Text
                style={
                  Array [
                    Array [
                      Object {
                        "color": "#6D6D6D",
                        "fontSize": 14,
                        "marginRight": 2,
                      },
                      Object {
                        "width": 80,
                      },
                    ],
                    false,
                    Object {},
                  ]
                }
              >
                Email
              </Text>
              <TextInput
                autoCapitalize="none"
                editable={true}
                multiline={false}
                onBlur={[Function]}
                onChangeText={[Function]}
                onFocus={[Function]}
                onSubmitEditing={[Function]}
                placeholder="hello@example.com"
                placeholderTextColor="#6D6D6D"
                secureTextEntry={false}
                style={
                  Array [
                    Array [
                      Object {
                        "color": "white",
                        "flex": 1,
                        "fontSize": 14,
                        "paddingHorizontal": 8,
                        "paddingVertical": 10,
                      },
                      Object {
                        "color": "white",
                        "height": 52,
                      },
                    ],
                    false,
                  ]
                }
                testID="input-email"
                value=""
              />
            </View>
            <View
              style={
                Object {
                  "flex": 1,
                  "flexDirection": "row",
                  "justifyContent": "space-between",
                }
              }
            >
              <Text
                style={
                  Array [
                    Array [
                      Object {
                        "color": "#FF002E",
                        "fontSize": 12,
                        "marginTop": 4,
                      },
                      undefined,
                    ],
                    Object {
                      "color": "#FF002E",
                      "flex": 1,
                    },
                  ]
                }
              />
            </View>
          </View>
          <View
            style={
              Array [
                Object {
                  "alignSelf": "stretch",
                  "flexDirection": "column",
                },
                Object {
                  "marginBottom": 20,
                },
              ]
            }
            testID="container-id"
          >
            <View
              style={
                Array [
                  Array [
                    Object {
                      "alignItems": "center",
                      "alignSelf": "stretch",
                      "borderBottomColor": "white",
                      "borderBottomWidth": 1,
                      "flexDirection": "row",
                      "justifyContent": "space-between",
                    },
                    Object {
                      "borderColor": "white",
                    },
                  ],
                  false,
                  Object {
                    "borderColor": "white",
                  },
                  Object {
                    "borderBottomColor": "white",
                  },
                ]
              }
            >
              <Text
                style={
                  Array [
                    Array [
                      Object {
                        "color": "#6D6D6D",
                        "fontSize": 14,
                        "marginRight": 2,
                      },
                      Object {
                        "width": 80,
                      },
                    ],
                    false,
                    Object {},
                  ]
                }
              >
                Password
              </Text>
              <TextInput
                autoCapitalize="none"
                editable={true}
                multiline={false}
                onBlur={[Function]}
                onChangeText={[Function]}
                onFocus={[Function]}
                onSubmitEditing={[Function]}
                placeholder="******"
                placeholderTextColor="#6D6D6D"
                secureTextEntry={true}
                style={
                  Array [
                    Array [
                      Object {
                        "color": "white",
                        "flex": 1,
                        "fontSize": 14,
                        "paddingHorizontal": 8,
                        "paddingVertical": 10,
                      },
                      Object {
                        "color": "white",
                        "height": 52,
                      },
                    ],
                    false,
                  ]
                }
                testID="input-password"
                value=""
              />
            </View>
            <View
              style={
                Object {
                  "flex": 1,
                  "flexDirection": "row",
                  "justifyContent": "space-between",
                }
              }
            >
              <Text
                style={
                  Array [
                    Array [
                      Object {
                        "color": "#FF002E",
                        "fontSize": 12,
                        "marginTop": 4,
                      },
                      undefined,
                    ],
                    Object {
                      "color": "#FF002E",
                      "flex": 1,
                    },
                  ]
                }
              />
            </View>
          </View>
          <View
            style={
              Array [
                Object {
                  "flexDirection": "row",
                  "height": 52,
                  "marginTop": 4,
                  "width": "100%",
                },
                undefined,
              ]
            }
          >
            <View
              accessible={true}
              collapsable={false}
              focusable={true}
              onClick={[Function]}
              onResponderGrant={[Function]}
              onResponderMove={[Function]}
              onResponderRelease={[Function]}
              onResponderTerminate={[Function]}
              onResponderTerminationRequest={[Function]}
              onStartShouldSetResponder={[Function]}
              style={
                Object {
                  "flex": 1,
                  "opacity": 1,
                }
              }
              testID="btn-sign-up"
            />
            <View
              style={
                Object {
                  "width": 12,
                }
              }
            />
            <View
              accessible={true}
              collapsable={false}
              focusable={true}
              onClick={[Function]}
              onResponderGrant={[Function]}
              onResponderMove={[Function]}
              onResponderRelease={[Function]}
              onResponderTerminate={[Function]}
              onResponderTerminationRequest={[Function]}
              onStartShouldSetResponder={[Function]}
              style={
                Object {
                  "flex": 1,
                  "opacity": 1,
                }
              }
              testID="btn-sign-in"
            />
          </View>
          <View
            accessible={true}
            collapsable={false}
            focusable={true}
            onClick={[Function]}
            onResponderGrant={[Function]}
            onResponderMove={[Function]}
            onResponderRelease={[Function]}
            onResponderTerminate={[Function]}
            onResponderTerminationRequest={[Function]}
            onStartShouldSetResponder={[Function]}
            style={
              Object {
                "alignSelf": "center",
                "marginBottom": 28,
                "opacity": 1,
                "paddingBottom": 16,
                "paddingLeft": 16,
                "paddingRight": 16,
                "paddingTop": 16,
              }
            }
            testID="btn-find-pw"
          >
            <Text
              style={
                Array [
                  Object {
                    "color": "#8BC9FF",
                    "textDecorationLine": "underline",
                  },
                  undefined,
                ]
              }
            >
              Forgot password?
            </Text>
          </View>
          <View
            style={
              Array [
                Object {
                  "marginBottom": 24,
                },
                undefined,
              ]
            }
          >
            <View
              accessible={true}
              collapsable={false}
              focusable={true}
              onClick={[Function]}
              onResponderGrant={[Function]}
              onResponderMove={[Function]}
              onResponderRelease={[Function]}
              onResponderTerminate={[Function]}
              onResponderTerminationRequest={[Function]}
              onStartShouldSetResponder={[Function]}
              style={
                Object {
                  "marginBottom": 12,
                  "opacity": 1,
                }
              }
              testID="btn-apple"
            />
            <test
              onUserCreated={[Function]}
              socialProvider="facebook"
              svgIcon={
                <SvgMock
                  fill="#345997"
                  height={18}
                  width={18}
                />
              }
            />
            <test
              onUserCreated={[Function]}
              socialProvider="google"
              svgIcon={
                <SvgMock
                  fill="#E04238"
                  height={20}
                  width={20}
                />
              }
            />
          </View>
          <View
            style={
              Array [
                Object {
                  "flexDirection": "row",
                  "flexWrap": "wrap",
                  "justifyContent": "center",
                  "paddingBottom": 40,
                  "paddingLeft": 0,
                  "paddingRight": 0,
                  "paddingTop": 0,
                },
                undefined,
              ]
            }
          >
            <Text
              style={
                Array [
                  Object {
                    "color": "white",
                    "fontSize": 14,
                  },
                  Object {
                    "textAlign": "center",
                  },
                ]
              }
            >
              We consider that you agree with 
              <Text
                onPress={[Function]}
                style={
                  Array [
                    Object {
                      "color": "white",
                      "fontSize": 14,
                    },
                    Object {
                      "textDecorationLine": "underline",
                    },
                  ]
                }
              >
                Terms for agreement
              </Text>
               and 
              <Text
                onPress={[Function]}
                style={
                  Array [
                    Object {
                      "color": "white",
                      "fontSize": 14,
                    },
                    Object {
                      "textDecorationLine": "underline",
                    },
                  ]
                }
              >
                Privacy and Policy
              </Text>
               by going onto next step.
            </Text>
          </View>
        </View>
      </View>
    </RCTScrollView>
  </RCTSafeAreaView>
</RNCSafeAreaProvider>
`;
