// Jest Snapshot v1, https://goo.gl/fbAQLP

exports[`[WebView] screen renders without crashing 1`] = `
<RNCSafeAreaProvider
  onInsetsChange={[Function]}
  style={
    [
      {
        "flex": 1,
      },
      undefined,
    ]
  }
>
  <RCTSafeAreaView
    emulateUnlessSupported={true}
    style={
      [
        {
          "alignItems": "center",
          "backgroundColor": "#000",
          "flexBasis": 0,
          "flexDirection": "row",
          "flexGrow": 1,
          "flexShrink": 1,
          "justifyContent": "center",
        },
        undefined,
      ]
    }
  >
    <View
      style={
        [
          {
            "flex": 1,
            "overflow": "hidden",
          },
          undefined,
        ]
      }
    >
      <RNCWebView
        cacheEnabled={true}
        injectedJavaScriptBeforeContentLoadedForMainFrameOnly={true}
        injectedJavaScriptForMainFrameOnly={true}
        javaScriptEnabled={true}
        messagingEnabled={true}
        onContentProcessDidTerminate={[Function]}
        onHttpError={[Function]}
        onLoadingError={[Function]}
        onLoadingFinish={[Function]}
        onLoadingProgress={[Function]}
        onLoadingStart={[Function]}
        onMessage={[Function]}
        onShouldStartLoadWithRequest={[Function]}
        source={
          {
            "uri": "http://example.com",
          }
        }
        style={
          [
            {
              "flex": 1,
              "overflow": "hidden",
            },
            {
              "backgroundColor": "#ffffff",
            },
            undefined,
          ]
        }
        textInteractionEnabled={true}
        useSharedProcessPool={true}
      />
    </View>
  </RCTSafeAreaView>
</RNCSafeAreaProvider>
`;
